Conectado com sucesso
Bot rodando...
Analisando EURUSD às 21:07:33
Estratégia 1 retornou: CALL
Estratégia 2 retornou: None
Estratégia 3 retornou: None
Estratégia 4 retornou: None
Estratégia 5 retornou: None
Analisando GBPUSD às 21:08:07
Estratégia 1 retornou: CALL
Estratégia 2 retornou: None
Estratégia 3 retornou: None
Estratégia 4 retornou: None
Estratégia 5 retornou: None
Analisando AUDUSD às 21:08:43
Estratégia 1 retornou: CALL
Estratégia 2 retornou: PUT
Estratégia 3 retornou: None
Estratégia 4 retornou: None
Estratégia 5 retornou: None
Analisando EURJPY às 21:09:14
Estratégia 1 retornou: CALL
Estratégia 2 retornou: None
Estratégia 3 retornou: None
Estratégia 4 retornou: None
Estratégia 5 retornou: None
Analisando AUDCAD às 21:09:45
Estratégia 1 retornou: CALL
Estratégia 2 retornou: None
Estratégia 3 retornou: None
Estratégia 4 retornou: None
Estratégia 5 retornou: None
Analisando EURUSD às 21:10:26
Estratégia 1 retornou: CALL
Estratégia 2 retornou: None
Estratégia 3 retornou: None
Estratégia 4 retornou: None
Estratégia 5 retornou: None
Analisando GBPUSD às 21:10:57
Estratégia 1 retornou: CALL
Estratégia 2 retornou: None
Estratégia 3 retornou: None
Estratégia 4 retornou: None
Estratégia 5 retornou: None
Analisando AUDUSD às 21:11:28
Estratégia 1 retornou: CALL
Estratégia 2 retornou: PUT
Estratégia 3 retornou: None
Estratégia 4 retornou: None
Estratégia 5 retornou: None
Analisando EURJPY às 21:11:59
Estratégia 1 retornou: CALL
Estratégia 2 retornou: None
Estratégia 3 retornou: None
Estratégia 4 retornou: None
Estratégia 5 retornou: None
Analisando AUDCAD às 21:12:30
Estratégia 1 retornou: CALL
Estratégia 2 retornou: None
Estratégia 3 retornou: None
Estratégia 4 retornou: None
Estratégia 5 retornou: None
Analisando EURUSD às 21:13:16
Estratégia 1 retornou: CALL
Estratégia 2 retornou: None
Estratégia 3 retornou: None
Estratégia 4 retornou: None
Estratégia 5 retornou: None
Analisando GBPUSD às 21:13:47
Estratégia 1 retornou: CALL
Estratégia 2 retornou: None
Estratégia 3 retornou: None
Estratégia 4 retornou: None
Estratégia 5 retornou: None
Analisando AUDUSD às 21:14:19
Estratégia 1 retornou: CALL
Estratégia 2 retornou: PUT
Estratégia 3 retornou: None
Estratégia 4 retornou: None
Estratégia 5 retornou: None
Analisando EURJPY às 21:14:50
Estratégia 1 retornou: CALL
Estratégia 2 retornou: None
Estratégia 3 retornou: None
Estratégia 4 retornou: None
Estratégia 5 retornou: None
Analisando AUDCAD às 21:15:26
Estratégia 1 retornou: CALL
Estratégia 2 retornou: None
Estratégia 3 retornou: None
Estratégia 4 retornou: None
Estratégia 5 retornou: None
Analisando EURUSD às 21:16:07
Estratégia 1 retornou: CALL
Estratégia 2 retornou: None
Estratégia 3 retornou: None
Estratégia 4 retornou: None
Estratégia 5 retornou: None
Analisando GBPUSD às 21:16:41
Estratégia 1 retornou: CALL
Estratégia 2 retornou: None
Estratégia 3 retornou: None
Estratégia 4 retornou: None
Estratégia 5 retornou: None
Analisando AUDUSD às 21:17:17
Estratégia 1 retornou: CALL
Estratégia 2 retornou: PUT
Estratégia 3 retornou: None
Estratégia 4 retornou: None
Estratégia 5 retornou: None
Analisando EURJPY às 21:17:51
Estratégia 1 retornou: CALL
Estratégia 2 retornou: None
Estratégia 3 retornou: None
Estratégia 4 retornou: None
Estratégia 5 retornou: None
Analisando AUDCAD às 21:18:27
Estratégia 1 retornou: CALL
Estratégia 2 retornou: None
Estratégia 3 retornou: None
Estratégia 4 retornou: None
Estratégia 5 retornou: None
Analisando EURUSD às 21:19:08
Estratégia 1 retornou: CALL
Estratégia 2 retornou: None
Estratégia 3 retornou: None
Estratégia 4 retornou: None
Estratégia 5 retornou: None
Analisando GBPUSD às 21:19:39
Estratégia 1 retornou: CALL
Estratégia 2 retornou: None
Estratégia 3 retornou: None
Estratégia 4 retornou: None
Estratégia 5 retornou: None
Analisando AUDUSD às 21:20:10
Estratégia 1 retornou: CALL
Estratégia 2 retornou: PUT
Estratégia 3 retornou: None
Estratégia 4 retornou: None
Estratégia 5 retornou: None
Analisando EURJPY às 21:20:46
Estratégia 1 retornou: CALL
Estratégia 2 retornou: None
Estratégia 3 retornou: None
Estratégia 4 retornou: None
Estratégia 5 retornou: None
Analisando AUDCAD às 21:21:17
Estratégia 1 retornou: CALL
Estratégia 2 retornou: None
Estratégia 3 retornou: None
Estratégia 4 retornou: None
Estratégia 5 retornou: None
Analisando EURUSD às 21:21:58
Estratégia 1 retornou: CALL
Estratégia 2 retornou: None
Estratégia 3 retornou: None
Estratégia 4 retornou: None
Estratégia 5 retornou: None
Analisando GBPUSD às 21:22:29
Estratégia 1 retornou: CALL
Estratégia 2 retornou: None
Estratégia 3 retornou: None
Estratégia 4 retornou: None
Estratégia 5 retornou: None
Analisando AUDUSD às 21:23:03
Estratégia 1 retornou: CALL
Estratégia 2 retornou: PUT
Estratégia 3 retornou: None
Estratégia 4 retornou: None
Estratégia 5 retornou: None
Analisando EURJPY às 21:23:34
Estratégia 1 retornou: CALL
Estratégia 2 retornou: None
Estratégia 3 retornou: None
Estratégia 4 retornou: None
Estratégia 5 retornou: None
Analisando AUDCAD às 21:24:05
Estratégia 1 retornou: CALL
Estratégia 2 retornou: None
Estratégia 3 retornou: None
Estratégia 4 retornou: None
Estratégia 5 retornou: None
Analisando EURUSD às 21:24:51
Estratégia 1 retornou: CALL
Estratégia 2 retornou: None
Estratégia 3 retornou: None
Estratégia 4 retornou: None
Estratégia 5 retornou: None
Analisando GBPUSD às 21:25:26
Estratégia 1 retornou: CALL
Estratégia 2 retornou: None
Estratégia 3 retornou: None
Estratégia 4 retornou: None
Estratégia 5 retornou: None
Analisando AUDUSD às 21:25:58
Estratégia 1 retornou: CALL
Estratégia 2 retornou: PUT
Estratégia 3 retornou: None
Estratégia 4 retornou: None
Estratégia 5 retornou: None
Analisando EURJPY às 21:26:29
Estratégia 1 retornou: CALL
Estratégia 2 retornou: None
Estratégia 3 retornou: None
Estratégia 4 retornou: None
Estratégia 5 retornou: None
Analisando AUDCAD às 21:27:00
Estratégia 1 retornou: CALL
Estratégia 2 retornou: None
Estratégia 3 retornou: None
Estratégia 4 retornou: None
Estratégia 5 retornou: None
Analisando EURUSD às 21:27:41
Estratégia 1 retornou: CALL
Estratégia 2 retornou: None
Estratégia 3 retornou: None
Estratégia 4 retornou: None
Estratégia 5 retornou: None
Analisando GBPUSD às 21:28:12
Estratégia 1 retornou: CALL
Estratégia 2 retornou: None
Estratégia 3 retornou: None
Estratégia 4 retornou: None
Estratégia 5 retornou: None
Analisando AUDUSD às 21:28:43
Estratégia 1 retornou: CALL
Estratégia 2 retornou: PUT
Estratégia 3 retornou: None
Estratégia 4 retornou: None
Estratégia 5 retornou: None
Analisando EURJPY às 21:29:19
Estratégia 1 retornou: CALL
Estratégia 2 retornou: None
Estratégia 3 retornou: None
Estratégia 4 retornou: None
Estratégia 5 retornou: None
Analisando AUDCAD às 21:29:50
Estratégia 1 retornou: CALL
Estratégia 2 retornou: None
Estratégia 3 retornou: None
Estratégia 4 retornou: None
Estratégia 5 retornou: None
Analisando EURUSD às 21:30:36
Estratégia 1 retornou: CALL
Estratégia 2 retornou: None
Estratégia 3 retornou: None
Estratégia 4 retornou: None
Estratégia 5 retornou: None
Analisando GBPUSD às 21:31:12
Estratégia 1 retornou: CALL
Estratégia 2 retornou: None
Estratégia 3 retornou: None
Estratégia 4 retornou: None
Estratégia 5 retornou: None
Analisando AUDUSD às 21:31:48
Estratégia 1 retornou: CALL
Estratégia 2 retornou: PUT
Estratégia 3 retornou: None
Estratégia 4 retornou: None
Estratégia 5 retornou: None
Analisando EURJPY às 21:32:19
Estratégia 1 retornou: CALL
Estratégia 2 retornou: None
Estratégia 3 retornou: None
Estratégia 4 retornou: None
Estratégia 5 retornou: None
Analisando AUDCAD às 21:33:01
Estratégia 1 retornou: CALL
Estratégia 2 retornou: None
Estratégia 3 retornou: None
Estratégia 4 retornou: None
Estratégia 5 retornou: None
Analisando EURUSD às 21:33:48
Estratégia 1 retornou: CALL
Estratégia 2 retornou: None
Estratégia 3 retornou: None
Estratégia 4 retornou: None
Estratégia 5 retornou: None
Analisando GBPUSD às 21:34:19
Estratégia 1 retornou: CALL
Estratégia 2 retornou: None
Estratégia 3 retornou: None
Estratégia 4 retornou: None
Estratégia 5 retornou: None
Analisando AUDUSD às 21:34:50
Estratégia 1 retornou: CALL
Estratégia 2 retornou: PUT
Estratégia 3 retornou: None
Estratégia 4 retornou: None
Estratégia 5 retornou: None
Analisando EURJPY às 21:35:21
Estratégia 1 retornou: CALL
Estratégia 2 retornou: None
Estratégia 3 retornou: None
Estratégia 4 retornou: None
Estratégia 5 retornou: None
Analisando AUDCAD às 21:35:52
Estratégia 1 retornou: CALL
Estratégia 2 retornou: None
Estratégia 3 retornou: None
Estratégia 4 retornou: None
Estratégia 5 retornou: None
Analisando EURUSD às 21:36:33
Estratégia 1 retornou: CALL
Estratégia 2 retornou: None
Estratégia 3 retornou: None
Estratégia 4 retornou: None
Estratégia 5 retornou: None
Analisando GBPUSD às 21:37:07
Estratégia 1 retornou: CALL
Estratégia 2 retornou: None
Estratégia 3 retornou: None
Estratégia 4 retornou: None
Estratégia 5 retornou: None
Analisando AUDUSD às 21:37:38
Estratégia 1 retornou: CALL
Estratégia 2 retornou: PUT
Estratégia 3 retornou: None
Estratégia 4 retornou: None
Estratégia 5 retornou: None
Analisando EURJPY às 21:38:09
Estratégia 1 retornou: CALL
Estratégia 2 retornou: None
Estratégia 3 retornou: None
Estratégia 4 retornou: None
Estratégia 5 retornou: None
Analisando AUDCAD às 21:38:45
Estratégia 1 retornou: CALL
Estratégia 2 retornou: None
Estratégia 3 retornou: None
Estratégia 4 retornou: None
Estratégia 5 retornou: None
Analisando EURUSD às 21:39:26
Estratégia 1 retornou: CALL
Estratégia 2 retornou: None
Estratégia 3 retornou: None
Estratégia 4 retornou: None
Estratégia 5 retornou: None
Analisando GBPUSD às 21:39:57
Estratégia 1 retornou: CALL
Estratégia 2 retornou: None
Estratégia 3 retornou: None
Estratégia 4 retornou: None
Estratégia 5 retornou: None
Analisando AUDUSD às 21:40:33
Estratégia 1 retornou: CALL
Estratégia 2 retornou: PUT
Estratégia 3 retornou: None
Estratégia 4 retornou: None
Estratégia 5 retornou: None
Analisando EURJPY às 21:41:04
Estratégia 1 retornou: CALL
Estratégia 2 retornou: None
Estratégia 3 retornou: None
Estratégia 4 retornou: None
Estratégia 5 retornou: None
Analisando AUDCAD às 21:41:35
Estratégia 1 retornou: CALL
Estratégia 2 retornou: None
Estratégia 3 retornou: None
Estratégia 4 retornou: None
Estratégia 5 retornou: None
Analisando EURUSD às 21:42:19
Estratégia 1 retornou: CALL
Estratégia 2 retornou: None
Estratégia 3 retornou: None
Estratégia 4 retornou: None
Estratégia 5 retornou: None
Analisando GBPUSD às 21:42:53
Estratégia 1 retornou: CALL
Estratégia 2 retornou: None
Estratégia 3 retornou: None
Estratégia 4 retornou: None
Estratégia 5 retornou: None
Analisando AUDUSD às 21:43:27
Estratégia 1 retornou: CALL
Estratégia 2 retornou: PUT
Estratégia 3 retornou: None
Estratégia 4 retornou: None
Estratégia 5 retornou: None
Analisando EURJPY às 21:44:01
Estratégia 1 retornou: CALL
Estratégia 2 retornou: None
Estratégia 3 retornou: None
Estratégia 4 retornou: None
Estratégia 5 retornou: None
Analisando AUDCAD às 21:44:35
Estratégia 1 retornou: CALL
Estratégia 2 retornou: None
Estratégia 3 retornou: None
Estratégia 4 retornou: None
Estratégia 5 retornou: None
Analisando EURUSD às 21:45:25
Estratégia 1 retornou: CALL
Estratégia 2 retornou: None
Estratégia 3 retornou: None
Estratégia 4 retornou: None
Estratégia 5 retornou: None
Analisando GBPUSD às 21:45:58
Estratégia 1 retornou: CALL
Estratégia 2 retornou: None
Estratégia 3 retornou: None
Estratégia 4 retornou: None
Estratégia 5 retornou: None
Analisando AUDUSD às 21:46:37
Estratégia 1 retornou: CALL
Estratégia 2 retornou: PUT
Estratégia 3 retornou: None
Estratégia 4 retornou: None
Estratégia 5 retornou: None
Analisando EURJPY às 21:47:08
Estratégia 1 retornou: CALL
Estratégia 2 retornou: None
Estratégia 3 retornou: None
Estratégia 4 retornou: None
Estratégia 5 retornou: None
Analisando AUDCAD às 21:47:39
Estratégia 1 retornou: CALL
Estratégia 2 retornou: None
Estratégia 3 retornou: None
Estratégia 4 retornou: None
Estratégia 5 retornou: None
Analisando EURUSD às 21:48:28
Estratégia 1 retornou: CALL
Estratégia 2 retornou: None
Estratégia 3 retornou: None
Estratégia 4 retornou: None
Estratégia 5 retornou: None
Analisando GBPUSD às 21:49:06
Estratégia 1 retornou: CALL
Estratégia 2 retornou: None
Estratégia 3 retornou: None
Estratégia 4 retornou: None
Estratégia 5 retornou: None
Analisando AUDUSD às 21:49:37
Estratégia 1 retornou: CALL
Estratégia 2 retornou: PUT
Estratégia 3 retornou: None
Estratégia 4 retornou: None
Estratégia 5 retornou: None
Analisando EURJPY às 21:50:10
Estratégia 1 retornou: CALL
Estratégia 2 retornou: None
Estratégia 3 retornou: None
Estratégia 4 retornou: None
Estratégia 5 retornou: None
Analisando AUDCAD às 21:50:48
Estratégia 1 retornou: CALL
Estratégia 2 retornou: None
Estratégia 3 retornou: None
Estratégia 4 retornou: None
Estratégia 5 retornou: None
Analisando EURUSD às 21:51:30
Estratégia 1 retornou: CALL
Estratégia 2 retornou: None
Estratégia 3 retornou: None
Estratégia 4 retornou: None
Estratégia 5 retornou: None
Analisando GBPUSD às 21:52:03
Estratégia 1 retornou: CALL
Estratégia 2 retornou: None
Estratégia 3 retornou: None
Estratégia 4 retornou: None
Estratégia 5 retornou: None
Analisando AUDUSD às 21:52:42
Estratégia 1 retornou: CALL
Estratégia 2 retornou: PUT
Estratégia 3 retornou: None
Estratégia 4 retornou: None
Estratégia 5 retornou: None
Analisando EURJPY às 21:53:44
Estratégia 1 retornou: CALL
Estratégia 2 retornou: None
Estratégia 3 retornou: None
Estratégia 4 retornou: None
Estratégia 5 retornou: None
Analisando AUDCAD às 21:54:48
Estratégia 1 retornou: CALL
Estratégia 2 retornou: None
Estratégia 3 retornou: None
Estratégia 4 retornou: None
Estratégia 5 retornou: None
Analisando EURUSD às 21:56:03
Estratégia 1 retornou: CALL
Estratégia 2 retornou: None
Estratégia 3 retornou: None
Estratégia 4 retornou: None
Estratégia 5 retornou: None
Analisando GBPUSD às 21:56:48
Estratégia 1 retornou: CALL
Estratégia 2 retornou: None
Estratégia 3 retornou: None
Estratégia 4 retornou: None
Estratégia 5 retornou: None
Analisando AUDUSD às 21:57:20
Estratégia 1 retornou: CALL
Estratégia 2 retornou: PUT
Estratégia 3 retornou: None
Estratégia 4 retornou: None
Estratégia 5 retornou: None
Analisando EURJPY às 21:57:56
Estratégia 1 retornou: CALL
Estratégia 2 retornou: None
Estratégia 3 retornou: None
Estratégia 4 retornou: None
Estratégia 5 retornou: None
Analisando AUDCAD às 21:58:27
Estratégia 1 retornou: CALL
Estratégia 2 retornou: None
Estratégia 3 retornou: None
Estratégia 4 retornou: None
Estratégia 5 retornou: None
Analisando EURUSD às 21:59:08
Estratégia 1 retornou: CALL
Estratégia 2 retornou: None
Estratégia 3 retornou: None
Estratégia 4 retornou: None
Estratégia 5 retornou: None
Analisando GBPUSD às 21:59:39
Estratégia 1 retornou: CALL
Estratégia 2 retornou: None
Estratégia 3 retornou: None
Estratégia 4 retornou: None
Estratégia 5 retornou: None
Analisando AUDUSD às 22:00:15
Estratégia 1 retornou: CALL
Estratégia 2 retornou: PUT
Estratégia 3 retornou: None
Estratégia 4 retornou: None
Estratégia 5 retornou: None
Analisando EURJPY às 22:00:46
Estratégia 1 retornou: CALL
Estratégia 2 retornou: None
Estratégia 3 retornou: None
Estratégia 4 retornou: None
Estratégia 5 retornou: None
Analisando AUDCAD às 22:01:17
Estratégia 1 retornou: CALL
Estratégia 2 retornou: None
Estratégia 3 retornou: None
Estratégia 4 retornou: None
Estratégia 5 retornou: None
Analisando EURUSD às 22:01:59
Estratégia 1 retornou: CALL
Estratégia 2 retornou: None
Estratégia 3 retornou: None
Estratégia 4 retornou: None
Estratégia 5 retornou: None
Analisando GBPUSD às 22:02:30
Estratégia 1 retornou: CALL
Estratégia 2 retornou: None
Estratégia 3 retornou: None
Estratégia 4 retornou: None
Estratégia 5 retornou: None
Analisando AUDUSD às 22:03:01
Estratégia 1 retornou: CALL
Estratégia 2 retornou: PUT
Estratégia 3 retornou: None
Estratégia 4 retornou: None
Estratégia 5 retornou: None
Analisando EURJPY às 22:03:33
Estratégia 1 retornou: CALL
Estratégia 2 retornou: None
Estratégia 3 retornou: None
Estratégia 4 retornou: None
Estratégia 5 retornou: None
Analisando AUDCAD às 22:04:07
Estratégia 1 retornou: CALL
Estratégia 2 retornou: None
Estratégia 3 retornou: None
Estratégia 4 retornou: None
Estratégia 5 retornou: None
Analisando EURUSD às 22:04:51
Estratégia 1 retornou: CALL
Estratégia 2 retornou: None
Estratégia 3 retornou: None
Estratégia 4 retornou: None
Estratégia 5 retornou: None
Analisando GBPUSD às 22:05:22
Estratégia 1 retornou: CALL
Estratégia 2 retornou: None
Estratégia 3 retornou: None
Estratégia 4 retornou: None
Estratégia 5 retornou: None
Analisando AUDUSD às 22:05:54
Estratégia 1 retornou: CALL
Estratégia 2 retornou: PUT
Estratégia 3 retornou: None
Estratégia 4 retornou: None
Estratégia 5 retornou: None
Analisando EURJPY às 22:06:30
Estratégia 1 retornou: CALL
Estratégia 2 retornou: None
Estratégia 3 retornou: None
Estratégia 4 retornou: None
Estratégia 5 retornou: None
Analisando AUDCAD às 22:07:06
Estratégia 1 retornou: CALL
Estratégia 2 retornou: None
Estratégia 3 retornou: None
Estratégia 4 retornou: None
Estratégia 5 retornou: None
Analisando EURUSD às 22:07:51
Estratégia 1 retornou: CALL
Estratégia 2 retornou: None
Estratégia 3 retornou: None
Estratégia 4 retornou: None
Estratégia 5 retornou: None
Analisando GBPUSD às 22:08:33
Estratégia 1 retornou: CALL
Estratégia 2 retornou: None
Estratégia 3 retornou: None
Estratégia 4 retornou: None
Estratégia 5 retornou: None
Analisando AUDUSD às 22:09:19
Estratégia 1 retornou: CALL
Estratégia 2 retornou: PUT
Estratégia 3 retornou: None
Estratégia 4 retornou: None
Estratégia 5 retornou: None
Analisando EURJPY às 22:09:50
Estratégia 1 retornou: CALL
Estratégia 2 retornou: None
Estratégia 3 retornou: None
Estratégia 4 retornou: None
Estratégia 5 retornou: None
Analisando AUDCAD às 22:10:21
Estratégia 1 retornou: CALL
Estratégia 2 retornou: None
Estratégia 3 retornou: None
Estratégia 4 retornou: None
Estratégia 5 retornou: None
Analisando EURUSD às 22:11:02
Estratégia 1 retornou: CALL
Estratégia 2 retornou: None
Estratégia 3 retornou: None
Estratégia 4 retornou: None
Estratégia 5 retornou: None
Analisando GBPUSD às 22:11:36
Estratégia 1 retornou: CALL
Estratégia 2 retornou: None
Estratégia 3 retornou: None
Estratégia 4 retornou: None
Estratégia 5 retornou: None
Analisando AUDUSD às 22:12:12
Estratégia 1 retornou: CALL
Estratégia 2 retornou: PUT
Estratégia 3 retornou: None
Estratégia 4 retornou: None
Estratégia 5 retornou: None
Analisando EURJPY às 22:12:43
Estratégia 1 retornou: CALL
Estratégia 2 retornou: None
Estratégia 3 retornou: None
Estratégia 4 retornou: None
Estratégia 5 retornou: None
Analisando AUDCAD às 22:13:19
Estratégia 1 retornou: CALL
Estratégia 2 retornou: None
Estratégia 3 retornou: None
Estratégia 4 retornou: None
Estratégia 5 retornou: None
Analisando EURUSD às 22:14:00
Estratégia 1 retornou: CALL
Estratégia 2 retornou: None
Estratégia 3 retornou: None
Estratégia 4 retornou: None
Estratégia 5 retornou: None
Analisando GBPUSD às 22:14:32
Estratégia 1 retornou: CALL
Estratégia 2 retornou: None
Estratégia 3 retornou: None
Estratégia 4 retornou: None
Estratégia 5 retornou: None
Analisando AUDUSD às 22:15:04
Estratégia 1 retornou: CALL
Estratégia 2 retornou: PUT
Estratégia 3 retornou: None
Estratégia 4 retornou: None
Estratégia 5 retornou: None
Analisando EURJPY às 22:15:40
Estratégia 1 retornou: CALL
Estratégia 2 retornou: None
Estratégia 3 retornou: None
Estratégia 4 retornou: None
Estratégia 5 retornou: None
Analisando AUDCAD às 22:16:11
Estratégia 1 retornou: CALL
Estratégia 2 retornou: None
Estratégia 3 retornou: None
Estratégia 4 retornou: None
Estratégia 5 retornou: None
Analisando EURUSD às 22:16:54
Estratégia 1 retornou: CALL
Estratégia 2 retornou: None
Estratégia 3 retornou: None
Estratégia 4 retornou: None
Estratégia 5 retornou: None
Analisando GBPUSD às 22:17:27
Estratégia 1 retornou: CALL
Estratégia 2 retornou: None
Estratégia 3 retornou: None
Estratégia 4 retornou: None
Estratégia 5 retornou: None
Analisando AUDUSD às 22:17:59
Estratégia 1 retornou: CALL
Estratégia 2 retornou: PUT
Estratégia 3 retornou: None
Estratégia 4 retornou: None
Estratégia 5 retornou: None
Analisando EURJPY às 22:18:36
Estratégia 1 retornou: CALL
Estratégia 2 retornou: None
Estratégia 3 retornou: None
Estratégia 4 retornou: None
Estratégia 5 retornou: None
Analisando AUDCAD às 22:19:08
Estratégia 1 retornou: CALL
Estratégia 2 retornou: None
Estratégia 3 retornou: None
Estratégia 4 retornou: None
Estratégia 5 retornou: None
Analisando EURUSD às 22:19:57
Estratégia 1 retornou: CALL
Estratégia 2 retornou: None
Estratégia 3 retornou: None
Estratégia 4 retornou: None
Estratégia 5 retornou: None
Analisando GBPUSD às 22:20:28
Estratégia 1 retornou: CALL
Estratégia 2 retornou: None
Estratégia 3 retornou: None
Estratégia 4 retornou: None
Estratégia 5 retornou: None
Analisando AUDUSD às 22:21:01
Estratégia 1 retornou: CALL
Estratégia 2 retornou: PUT
Estratégia 3 retornou: None
Estratégia 4 retornou: None
Estratégia 5 retornou: None
Analisando EURJPY às 22:21:38
Estratégia 1 retornou: CALL
Estratégia 2 retornou: None
Estratégia 3 retornou: None
Estratégia 4 retornou: None
Estratégia 5 retornou: None
Analisando AUDCAD às 22:22:10
Estratégia 1 retornou: CALL
Estratégia 2 retornou: None
Estratégia 3 retornou: None
Estratégia 4 retornou: None
Estratégia 5 retornou: None
Analisando EURUSD às 22:22:56
Estratégia 1 retornou: CALL
Estratégia 2 retornou: None
Estratégia 3 retornou: None
Estratégia 4 retornou: None
Estratégia 5 retornou: None
Analisando GBPUSD às 22:23:33
Estratégia 1 retornou: CALL
Estratégia 2 retornou: None
Estratégia 3 retornou: None
Estratégia 4 retornou: None
Estratégia 5 retornou: None
Analisando AUDUSD às 22:24:05
Estratégia 1 retornou: CALL
Estratégia 2 retornou: PUT
Estratégia 3 retornou: None
Estratégia 4 retornou: None
Estratégia 5 retornou: None
Analisando EURJPY às 22:24:41
Estratégia 1 retornou: CALL
Estratégia 2 retornou: None
Estratégia 3 retornou: None
Estratégia 4 retornou: None
Estratégia 5 retornou: None
Analisando AUDCAD às 22:25:18
Estratégia 1 retornou: CALL
Estratégia 2 retornou: None
Estratégia 3 retornou: None
Estratégia 4 retornou: None
Estratégia 5 retornou: None
Analisando EURUSD às 22:25:59
Estratégia 1 retornou: CALL
Estratégia 2 retornou: None
Estratégia 3 retornou: None
Estratégia 4 retornou: None
Estratégia 5 retornou: None
Analisando GBPUSD às 22:26:35
Estratégia 1 retornou: CALL
Estratégia 2 retornou: None
Estratégia 3 retornou: None
Estratégia 4 retornou: None
Estratégia 5 retornou: None
Analisando AUDUSD às 22:27:08
Estratégia 1 retornou: CALL
Estratégia 2 retornou: PUT
Estratégia 3 retornou: None
Estratégia 4 retornou: None
Estratégia 5 retornou: None
Analisando EURJPY às 22:27:40
Estratégia 1 retornou: CALL
Estratégia 2 retornou: None
Estratégia 3 retornou: None
Estratégia 4 retornou: None
Estratégia 5 retornou: None
Analisando AUDCAD às 22:28:12
Estratégia 1 retornou: CALL
Estratégia 2 retornou: None
Estratégia 3 retornou: None
Estratégia 4 retornou: None
Estratégia 5 retornou: None
Analisando EURUSD às 22:28:53
Estratégia 1 retornou: CALL
Estratégia 2 retornou: None
Estratégia 3 retornou: None
Estratégia 4 retornou: None
Estratégia 5 retornou: None
Analisando GBPUSD às 22:29:24
Estratégia 1 retornou: CALL
Estratégia 2 retornou: None
Estratégia 3 retornou: None
Estratégia 4 retornou: None
Estratégia 5 retornou: None
Analisando AUDUSD às 22:29:56
Estratégia 1 retornou: CALL
Estratégia 2 retornou: PUT
Estratégia 3 retornou: None
Estratégia 4 retornou: None
Estratégia 5 retornou: None
Analisando EURJPY às 22:30:27
Estratégia 1 retornou: CALL
Estratégia 2 retornou: None
Estratégia 3 retornou: None
Estratégia 4 retornou: None
Estratégia 5 retornou: None
Analisando AUDCAD às 22:30:59
Estratégia 1 retornou: CALL
Estratégia 2 retornou: None
Estratégia 3 retornou: None
Estratégia 4 retornou: None
Estratégia 5 retornou: None
Analisando EURUSD às 22:31:43
Estratégia 1 retornou: CALL
Estratégia 2 retornou: None
Estratégia 3 retornou: None
Estratégia 4 retornou: None
Estratégia 5 retornou: None
Analisando GBPUSD às 22:32:14
Estratégia 1 retornou: CALL
Estratégia 2 retornou: None
Estratégia 3 retornou: None
Estratégia 4 retornou: None
Estratégia 5 retornou: None
Analisando AUDUSD às 22:32:51
Estratégia 1 retornou: CALL
Estratégia 2 retornou: PUT
Estratégia 3 retornou: None
Estratégia 4 retornou: None
Estratégia 5 retornou: None
Analisando EURJPY às 22:33:22
Estratégia 1 retornou: CALL
Estratégia 2 retornou: None
Estratégia 3 retornou: None
Estratégia 4 retornou: None
Estratégia 5 retornou: None
Analisando AUDCAD às 22:33:59
Estratégia 1 retornou: CALL
Estratégia 2 retornou: None
Estratégia 3 retornou: None
Estratégia 4 retornou: None
Estratégia 5 retornou: None
Analisando EURUSD às 22:34:42
Estratégia 1 retornou: CALL
Estratégia 2 retornou: None
Estratégia 3 retornou: None
Estratégia 4 retornou: None
Estratégia 5 retornou: None
Analisando GBPUSD às 22:35:19
Estratégia 1 retornou: CALL
Estratégia 2 retornou: None
Estratégia 3 retornou: None
Estratégia 4 retornou: None
Estratégia 5 retornou: None
Analisando AUDUSD às 22:35:52
Estratégia 1 retornou: CALL
Estratégia 2 retornou: PUT
Estratégia 3 retornou: None
Estratégia 4 retornou: None
Estratégia 5 retornou: None
Analisando EURJPY às 22:36:23
Estratégia 1 retornou: CALL
Estratégia 2 retornou: None
Estratégia 3 retornou: None
Estratégia 4 retornou: None
Estratégia 5 retornou: None
Analisando AUDCAD às 22:36:55
Estratégia 1 retornou: CALL
Estratégia 2 retornou: None
Estratégia 3 retornou: None
Estratégia 4 retornou: None
Estratégia 5 retornou: None
Analisando EURUSD às 22:37:38
Estratégia 1 retornou: CALL
Estratégia 2 retornou: None
Estratégia 3 retornou: None
Estratégia 4 retornou: None
Estratégia 5 retornou: None
Analisando GBPUSD às 22:38:09
Estratégia 1 retornou: CALL
Estratégia 2 retornou: None
Estratégia 3 retornou: None
Estratégia 4 retornou: None
Estratégia 5 retornou: None
Analisando AUDUSD às 22:38:46
Estratégia 1 retornou: CALL
Estratégia 2 retornou: PUT
Estratégia 3 retornou: None
Estratégia 4 retornou: None
Estratégia 5 retornou: None
Analisando EURJPY às 22:39:18
Estratégia 1 retornou: CALL
Estratégia 2 retornou: None
Estratégia 3 retornou: None
Estratégia 4 retornou: None
Estratégia 5 retornou: None
Analisando AUDCAD às 22:39:49
Estratégia 1 retornou: CALL
Estratégia 2 retornou: None
Estratégia 3 retornou: None
Estratégia 4 retornou: None
Estratégia 5 retornou: None
Analisando EURUSD às 22:40:31
Estratégia 1 retornou: CALL
Estratégia 2 retornou: None
Estratégia 3 retornou: None
Estratégia 4 retornou: None
Estratégia 5 retornou: None
Analisando GBPUSD às 22:41:05
Estratégia 1 retornou: CALL
Estratégia 2 retornou: None
Estratégia 3 retornou: None
Estratégia 4 retornou: None
Estratégia 5 retornou: None
Analisando AUDUSD às 22:41:37
Estratégia 1 retornou: CALL
Estratégia 2 retornou: PUT
Estratégia 3 retornou: None
Estratégia 4 retornou: None
Estratégia 5 retornou: None
Analisando EURJPY às 22:42:11
Estratégia 1 retornou: CALL
Estratégia 2 retornou: None
Estratégia 3 retornou: None
Estratégia 4 retornou: None
Estratégia 5 retornou: None
Analisando AUDCAD às 22:43:17
Estratégia 1 retornou: CALL
Estratégia 2 retornou: None
Estratégia 3 retornou: None
Estratégia 4 retornou: None
Estratégia 5 retornou: None
Analisando EURUSD às 22:44:21
Estratégia 1 retornou: CALL
Estratégia 2 retornou: None
Estratégia 3 retornou: None
Estratégia 4 retornou: None
Estratégia 5 retornou: None
Analisando GBPUSD às 22:45:08
Estratégia 1 retornou: CALL
Estratégia 2 retornou: None
Estratégia 3 retornou: None
Estratégia 4 retornou: None
Estratégia 5 retornou: None
Analisando AUDUSD às 22:45:40
Estratégia 1 retornou: CALL
Estratégia 2 retornou: PUT
Estratégia 3 retornou: None
Estratégia 4 retornou: None
Estratégia 5 retornou: None
Analisando EURJPY às 22:46:15
Estratégia 1 retornou: CALL
Estratégia 2 retornou: None
Estratégia 3 retornou: None
Estratégia 4 retornou: None
Estratégia 5 retornou: None
Analisando AUDCAD às 22:46:46
Estratégia 1 retornou: CALL
Estratégia 2 retornou: None
Estratégia 3 retornou: None
Estratégia 4 retornou: None
Estratégia 5 retornou: None
Analisando EURUSD às 22:47:28
Estratégia 1 retornou: CALL
Estratégia 2 retornou: None
Estratégia 3 retornou: None
Estratégia 4 retornou: None
Estratégia 5 retornou: None
Analisando GBPUSD às 22:48:00
Estratégia 1 retornou: CALL
Estratégia 2 retornou: None
Estratégia 3 retornou: None
Estratégia 4 retornou: None
Estratégia 5 retornou: None
Analisando AUDUSD às 22:48:32
Estratégia 1 retornou: CALL
Estratégia 2 retornou: PUT
Estratégia 3 retornou: None
Estratégia 4 retornou: None
Estratégia 5 retornou: None
Analisando EURJPY às 22:49:05
Estratégia 1 retornou: CALL
Estratégia 2 retornou: None
Estratégia 3 retornou: None
Estratégia 4 retornou: None
Estratégia 5 retornou: None
Analisando AUDCAD às 22:49:38
Estratégia 1 retornou: CALL
Estratégia 2 retornou: None
Estratégia 3 retornou: None
Estratégia 4 retornou: None
Estratégia 5 retornou: None
Analisando EURUSD às 22:50:24
Estratégia 1 retornou: CALL
Estratégia 2 retornou: None
Estratégia 3 retornou: None
Estratégia 4 retornou: None
Estratégia 5 retornou: None
Analisando GBPUSD às 22:51:02
Estratégia 1 retornou: CALL
Estratégia 2 retornou: None
Estratégia 3 retornou: None
Estratégia 4 retornou: None
Estratégia 5 retornou: None
Analisando AUDUSD às 22:51:33
Estratégia 1 retornou: CALL
Estratégia 2 retornou: PUT
Estratégia 3 retornou: None
Estratégia 4 retornou: None
Estratégia 5 retornou: None
Analisando EURJPY às 22:52:06
Estratégia 1 retornou: CALL
Estratégia 2 retornou: None
Estratégia 3 retornou: None
Estratégia 4 retornou: None
Estratégia 5 retornou: None
Analisando AUDCAD às 22:52:38
Estratégia 1 retornou: CALL
Estratégia 2 retornou: None
Estratégia 3 retornou: None
Estratégia 4 retornou: None
Estratégia 5 retornou: None
Analisando EURUSD às 22:53:20
Estratégia 1 retornou: CALL
Estratégia 2 retornou: None
Estratégia 3 retornou: None
Estratégia 4 retornou: None
Estratégia 5 retornou: None
Analisando GBPUSD às 22:53:51
Estratégia 1 retornou: CALL
Estratégia 2 retornou: None
Estratégia 3 retornou: None
Estratégia 4 retornou: None
Estratégia 5 retornou: None
Analisando AUDUSD às 22:54:24
Estratégia 1 retornou: CALL
Estratégia 2 retornou: PUT
Estratégia 3 retornou: None
Estratégia 4 retornou: None
Estratégia 5 retornou: None
Analisando EURJPY às 22:54:55
Estratégia 1 retornou: CALL
Estratégia 2 retornou: None
Estratégia 3 retornou: None
Estratégia 4 retornou: None
Estratégia 5 retornou: None
Analisando AUDCAD às 22:55:27
Estratégia 1 retornou: CALL
Estratégia 2 retornou: None
Estratégia 3 retornou: None
Estratégia 4 retornou: None
Estratégia 5 retornou: None
Analisando EURUSD às 22:56:13
Estratégia 1 retornou: CALL
Estratégia 2 retornou: None
Estratégia 3 retornou: None
Estratégia 4 retornou: None
Estratégia 5 retornou: None
Analisando GBPUSD às 22:56:50
Estratégia 1 retornou: CALL
Estratégia 2 retornou: None
Estratégia 3 retornou: None
Estratégia 4 retornou: None
Estratégia 5 retornou: None
Analisando AUDUSD às 22:57:21
Estratégia 1 retornou: CALL
Estratégia 2 retornou: PUT
Estratégia 3 retornou: None
Estratégia 4 retornou: None
Estratégia 5 retornou: None
Analisando EURJPY às 22:57:52
Estratégia 1 retornou: CALL
Estratégia 2 retornou: None
Estratégia 3 retornou: None
Estratégia 4 retornou: None
Estratégia 5 retornou: None
Analisando AUDCAD às 22:58:24
Estratégia 1 retornou: CALL
Estratégia 2 retornou: None
Estratégia 3 retornou: None
Estratégia 4 retornou: None
Estratégia 5 retornou: None
Analisando EURUSD às 22:59:09
Estratégia 1 retornou: CALL
Estratégia 2 retornou: None
Estratégia 3 retornou: None
Estratégia 4 retornou: None
Estratégia 5 retornou: None
Analisando GBPUSD às 22:59:40
Estratégia 1 retornou: CALL
Estratégia 2 retornou: None